<html>
<body>
<pre>
<h1>µVision Build Log</h1>
<h2>Tool Versions:</h2>
IDE-Version: ¦ÌVision V5.29.0.0
Copyright (C) 2019 ARM Ltd and ARM Germany GmbH. All rights reserved.
License Information: jiang he, changhong, LIC=WHYFW-QFYIF-GJR6P-MZ9IS-G19VB-6XPED
 
Tool Versions:
Toolchain:       MDK-ARM Plus  Version: 5.29.0.0
Toolchain Path:  C:\Keil_v5\ARM\ARMCC\Bin
C Compiler:      Armcc.exe V5.06 update 6 (build 750)
Assembler:       Armasm.exe V5.06 update 6 (build 750)
Linker/Locator:  ArmLink.exe V5.06 update 6 (build 750)
Library Manager: ArmAr.exe V5.06 update 6 (build 750)
Hex Converter:   FromElf.exe V5.06 update 6 (build 750)
CPU DLL:         SARMCM3.DLL V5.29.0.0
Dialog DLL:      DARMCM1.DLL V1.19.2.0
Target DLL:      STLink\ST-LINKIII-KEIL_SWO.dll V3.0.7.0
Dialog DLL:      TARMCM1.DLL V1.14.1.0
 
<h2>Project:</h2>
F:\en.stsw-bluetile-dk\STSW-BLUETILE-DK 1.2.0\Project\BLE_Examples\BLE_SensorDemo\MDK-ARM\BlueNRG-2\BLE_SensorDemo.uvprojx
Project File Date:  03/10/2020

<h2>Output:</h2>
*** Using Compiler 'V5.06 update 6 (build 750)', folder: 'C:\Keil_v5\ARM\ARMCC\Bin'
Build target 'Use_OTA_ServiceManager'
compiling osal.c...
compiling BlueNRG1_dma.c...
compiling BlueNRG1_adc.c...
compiling BlueNRG1_pka.c...
compiling BlueNRG1_mft.c...
compiling BlueNRG1_gpio.c...
compiling clock.c...
compiling BlueNRG1_rtc.c...
compiling miscutil.c...
compiling BlueNRG1_i2c.c...
compiling BlueNRG1_flash.c...
compiling sleep.c...
compiling BlueNRG1_spi.c...
compiling BlueNRG1_sysCtrl.c...
compiling BlueNRG1_wdg.c...
compiling misc.c...
compiling BlueNRG1_uart.c...
compiling SDK_EVAL_Button.c...
compiling SDK_EVAL_Com.c...
compiling SDK_EVAL_Config.c...
compiling SDK_EVAL_I2C.c...
compiling SDK_EVAL_Led.c...
compiling OTA_btl.c...
compiling HTS221.c...
compiling LIS2MDL.c...
compiling stack_user_cfg.c...
compiling VL53L1X_calibration.c...
compiling VL53L1X_api.c...
compiling LPS22HH.c...
compiling system_bluenrg1.c...
compiling vl53l1_platform.c...
compiling SensorDemo_main.c...
compiling bluevoice_adpcm_bnrg1.c...
compiling hw_config.c...
compiling gatt_db.c...
compiling sensor.c...
compiling HWAdvanceFeatures.c...
compiling LSM6DSO.c...
linking...
Program Size: Code=102932 RO-data=1300 RW-data=1108 ZI-data=21088  
FromELF: creating hex file...
After Build - User command #1: fromelf.exe --bin Use_OTA_ServiceManager\Objects\BLE_SensorDemo_Use_OTA_ServiceManager.axf --output Use_OTA_ServiceManager\Objects\BLE_SensorDemo_Use_OTA_ServiceManager.bin
".\Use_OTA_ServiceManager\Objects\BLE_SensorDemo_Use_OTA_ServiceManager.axf" - 0 Error(s), 0 Warning(s).

<h2>Software Packages used:</h2>

Package Vendor: Keil
                http://www.keil.com/pack/Keil.STBlueNRG-2_DFP.1.0.1.pack
                Keil.STBlueNRG-2_DFP.1.0.1
                STMicroelectronics BlueNRG-2 Series Device Support

<h2>Collection of Component include folders:</h2>
  .\RTE\_Use_OTA_ServiceManager

<h2>Collection of Component Files used:</h2>
Build Time Elapsed:  00:00:06
</pre>
</body>
</html>
